******************************************************************************
                  TI ARM Linker Unix v20.2.2                   
******************************************************************************
>> Linked Thu May  6 22:57:50 2021

OUTPUT FILE NAME:   <Atv_intermediaria_02.out>
ENTRY POINT SYMBOL: "_c_int00_noargs"  address: 000037a5


MEMORY CONFIGURATION

         name            origin    length      used     unused   attr    fill
----------------------  --------  ---------  --------  --------  ----  --------
  FLASH                 00000000   00040000  00004126  0003beda  R  X
  SRAM                  20000000   00008000  00000429  00007bd7  RW X


SEGMENT ALLOCATION MAP

run origin  load origin   length   init length attrs members
----------  ----------- ---------- ----------- ----- -------
00000000    00000000    00004128   00004128    r-x
  00000000    00000000    0000026c   0000026c    r-- .intvecs
  0000026c    0000026c    0000372a   0000372a    r-x .text
  00003998    00003998    00000750   00000750    r-- .const
  000040e8    000040e8    00000040   00000040    r-- .cinit
20000000    20000000    0000042d   00000000    rw-
  20000000    20000000    00000200   00000000    rw- .stack
  20000200    20000200    000001fc   00000000    rw- .bss
  20000400    20000400    0000002d   00000000    rw- .data


SECTION ALLOCATION MAP

 output                                  attributes/
section   page    origin      length       input sections
--------  ----  ----------  ----------   ----------------
.intvecs   0    00000000    0000026c     
                  00000000    0000026c     tm4c123gh6pm_startup_ccs.obj (.intvecs)

.text      0    0000026c    0000372a     
                  0000026c    00000ad4     Nokia5110.obj (.text)
                  00000d40    00000738     rtsv7M4_T_le_v4SPD16_eabi.lib : k_rem_pio2.c.obj (.text:__kernel_rem_pio2)
                  00001478    000005dc                                   : s_cos.c.obj (.text:cos)
                  00001a54    000005dc     main.obj (.text)
                  00002030    000005c4     rtsv7M4_T_le_v4SPD16_eabi.lib : s_sin.c.obj (.text:sin)
                  000025f4    000001b6                                   : fd_add_t2.asm.obj (.text)
                  000027aa    00000002     --HOLE-- [fill = 0]
                  000027ac    00000174                                   : k_sin.c.obj (.text:__kernel_sin)
                  00002920    0000016c                                   : k_cos.c.obj (.text:__kernel_cos)
                  00002a8c    00000136                                   : fd_div_t2.asm.obj (.text)
                  00002bc2    00000132     driverlib.lib : gpio.obj (.text:GPIOPadConfigSet)
                  00002cf4    00000110                   : sysctl.obj (.text:SysCtlClockGet)
                  00002e04    00000110     rtsv7M4_T_le_v4SPD16_eabi.lib : s_scalbn.c.obj (.text:scalbn)
                  00002f14    000000fc                                   : fd_mul_t2.asm.obj (.text)
                  00003010    000000f8                                   : s_floor.c.obj (.text:floor)
                  00003108    000000f4     driverlib.lib : sysctl.obj (.text:SysCtlClockSet)
                  000031fc    000000f0     rtsv7M4_T_le_v4SPD16_eabi.lib : s_rint.c.obj (.text:rint)
                  000032ec    0000009c                                   : memcpy_t2.asm.obj (.text)
                  00003388    00000086                                   : fd_cmp_t2.asm.obj (.text:__aeabi_cdcmple)
                  0000340e    00000086                                   : fd_cmp_t2.asm.obj (.text:__aeabi_cdrcmple)
                  00003494    00000068     driverlib.lib : interrupt.obj (.text:IntEnable)
                  000034fc    00000068     rtsv7M4_T_le_v4SPD16_eabi.lib : copy_decompress_lzss.c.obj (.text:decompress:lzss:__TI_decompress_lzss)
                  00003564    00000060     driverlib.lib : timer.obj (.text:TimerConfigure)
                  000035c4    0000004c     rtsv7M4_T_le_v4SPD16_eabi.lib : atoi.c.obj (.text:atoi)
                  00003610    00000048     driverlib.lib : gpio.obj (.text:GPIOPinConfigure)
                  00003658    00000048     rtsv7M4_T_le_v4SPD16_eabi.lib : fd_toi_t2.asm.obj (.text)
                  000036a0    00000046     driverlib.lib : uart.obj (.text:UARTConfigSetExpClk)
                  000036e6    00000002     --HOLE-- [fill = 0]
                  000036e8    00000044     rtsv7M4_T_le_v4SPD16_eabi.lib : autoinit.c.obj (.text:__TI_auto_init_nobinit_nopinit:__TI_auto_init_nobinit_nopinit)
                  0000372c    00000044                                   : fd_tou_t2.asm.obj (.text)
                  00003770    00000034     driverlib.lib : sysctl.obj (.text:SysCtlPeripheralEnable)
                  000037a4    00000034     rtsv7M4_T_le_v4SPD16_eabi.lib : boot_cortex_m.c.obj (.text:_c_int00_noargs:_c_int00_noargs)
                  000037d8    0000002e                                   : i_tofd_t2.asm.obj (.text)
                  00003806    0000002a     driverlib.lib : gpio.obj (.text:GPIODirModeSet)
                  00003830    00000020                   : uart.obj (.text:UARTDisable)
                  00003850    00000020     rtsv7M4_T_le_v4SPD16_eabi.lib : u_tofd_t2.asm.obj (.text)
                  00003870    0000001c                                   : copy_zero_init.c.obj (.text:decompress:ZI:__TI_zero_init_nomemset:__TI_zero_init_nomemset)
                  0000388c    0000001a                                   : s_copysign.c.obj (.text:copysign)
                  000038a6    00000018     driverlib.lib : gpio.obj (.text:GPIOPinTypeGPIOOutput)
                  000038be    00000014                   : uart.obj (.text:UARTEnable)
                  000038d2    00000012                   : gpio.obj (.text:GPIOPinTypeUART)
                  000038e4    00000012                   : timer.obj (.text:TimerLoadSet)
                  000038f6    00000010                   : interrupt.obj (.text:IntMasterEnable)
                  00003906    0000000e                   : timer.obj (.text:TimerEnable)
                  00003914    0000000e                   : uart.obj (.text:UARTCharsAvail)
                  00003922    0000000e     rtsv7M4_T_le_v4SPD16_eabi.lib : copy_decompress_none.c.obj (.text:decompress:none:__TI_decompress_none)
                  00003930    0000000c     driverlib.lib : cpu.obj (.text:CPUcpsie)
                  0000393c    0000000c     tm4c123gh6pm_startup_ccs.obj (.text)
                  00003948    0000000a     driverlib.lib : uart.obj (.text:UARTCharGet)
                  00003952    0000000a                   : uart.obj (.text:UARTIntStatus)
                  0000395c    00000008                   : timer.obj (.text:TimerIntEnable)
                  00003964    00000008                   : uart.obj (.text:UARTIntEnable)
                  0000396c    00000008     rtsv7M4_T_le_v4SPD16_eabi.lib : errno.c.obj (.text:__aeabi_errno_addr)
                  00003974    00000006     driverlib.lib : gpio.obj (.text:GPIOPinRead)
                  0000397a    00000006                   : gpio.obj (.text:GPIOPinWrite)
                  00003980    00000006                   : sysctl.obj (.text:SysCtlDelay)
                  00003986    00000004                   : timer.obj (.text:TimerIntClear)
                  0000398a    00000004                   : uart.obj (.text:UARTIntClear)
                  0000398e    00000004     rtsv7M4_T_le_v4SPD16_eabi.lib : pre_init.c.obj (.text:_system_pre_init)
                  00003992    00000004                                   : exit.c.obj (.text:abort:abort)

.const     0    00003998    00000750     
                  00003998    000001e0     Nokia5110.obj (.const:ASCII)
                  00003b78    00000158     rtsv7M4_T_le_v4SPD16_eabi.lib : k_rem_pio2.c.obj (.const:$O1$$)
                  00003cd0    0000011a     main.obj (.const:.string:Circulo)
                  00003dea    00000101     rtsv7M4_T_le_v4SPD16_eabi.lib : ctype.c.obj (.const:.string:_ctypes_)
                  00003eeb    00000001     --HOLE-- [fill = 0]
                  00003eec    00000090     driverlib.lib : gpio.obj (.const:g_pui32GPIOBaseAddrs)
                  00003f7c    00000070     Nokia5110.obj (.const:.string:$P$T0$1)
                  00003fec    00000070     driverlib.lib : interrupt.obj (.const)
                  0000405c    0000006c                   : sysctl.obj (.const:g_pui32Xtals)
                  000040c8    00000010     rtsv7M4_T_le_v4SPD16_eabi.lib : s_rint.c.obj (.const:TWO52)
                  000040d8    00000008     Nokia5110.obj (.const:.string:Masks)
                  000040e0    00000005     main.obj (.const:.string:Hora)
                  000040e5    00000003     main.obj (.const:.string:Ponto)

.cinit     0    000040e8    00000040     
                  000040e8    00000015     (.cinit..data.load) [load image, compression = lzss]
                  000040fd    00000003     --HOLE-- [fill = 0]
                  00004100    0000000c     (__TI_handler_table)
                  0000410c    00000004     --HOLE-- [fill = 0]
                  00004110    00000008     (.cinit..bss.load) [load image, compression = zero_init]
                  00004118    00000010     (__TI_cinit_table)

.init_array 
*          0    00000000    00000000     UNINITIALIZED

.bss       0    20000200    000001fc     UNINITIALIZED
                  20000200    000001f8     (.common:Screen)
                  200003f8    00000004     (.common:periodo_timer)

.data      0    20000400    0000002d     UNINITIALIZED
                  20000400    00000016     main.obj (.data)
                  20000416    00000009     main.obj (.data:hhmmss)
                  2000041f    00000001     --HOLE--
                  20000420    00000004     rtsv7M4_T_le_v4SPD16_eabi.lib : errno.c.obj (.data)
                  20000424    00000003     main.obj (.data:h)
                  20000427    00000003     main.obj (.data:m)
                  2000042a    00000003     main.obj (.data:s)

.stack     0    20000000    00000200     UNINITIALIZED
                  20000000    00000004     rtsv7M4_T_le_v4SPD16_eabi.lib : boot_cortex_m.c.obj (.stack)
                  20000004    000001fc     --HOLE--

__llvm_prf_cnts 
*          0    20000000    00000000     UNINITIALIZED

MODULE SUMMARY

       Module                         code    ro data   rw data
       ------                         ----    -------   -------
    ./
       Nokia5110.obj                  2772    600       504    
       main.obj                       1500    290       44     
       tm4c123gh6pm_startup_ccs.obj   12      620       0      
    +--+------------------------------+-------+---------+---------+
       Total:                         4284    1510      548    
                                                               
    /home/malufontes/ti/TivaWare_C_Series-2.1.4.178/driverlib/ccs/Debug/driverlib.lib
       sysctl.obj                     574     108       0      
       gpio.obj                       474     144       0      
       interrupt.obj                  120     112       0      
       uart.obj                       168     0         0      
       timer.obj                      140     0         0      
       cpu.obj                        12      0         0      
    +--+------------------------------+-------+---------+---------+
       Total:                         1488    364       0      
                                                               
    /home/malufontes/ti/ccs1020/ccs/tools/compiler/ti-cgt-arm_20.2.2.LTS/lib/rtsv7M4_T_le_v4SPD16_eabi.lib
       k_rem_pio2.c.obj               1848    344       0      
       s_cos.c.obj                    1500    0         0      
       s_sin.c.obj                    1476    0         0      
       fd_add_t2.asm.obj              438     0         0      
       k_sin.c.obj                    372     0         0      
       k_cos.c.obj                    364     0         0      
       fd_div_t2.asm.obj              310     0         0      
       s_scalbn.c.obj                 272     0         0      
       fd_cmp_t2.asm.obj              268     0         0      
       ctype.c.obj                    0       257       0      
       s_rint.c.obj                   240     16        0      
       fd_mul_t2.asm.obj              252     0         0      
       s_floor.c.obj                  248     0         0      
       memcpy_t2.asm.obj              156     0         0      
       copy_decompress_lzss.c.obj     104     0         0      
       atoi.c.obj                     76      0         0      
       fd_toi_t2.asm.obj              72      0         0      
       autoinit.c.obj                 68      0         0      
       fd_tou_t2.asm.obj              68      0         0      
       boot_cortex_m.c.obj            52      0         0      
       i_tofd_t2.asm.obj              46      0         0      
       u_tofd_t2.asm.obj              32      0         0      
       copy_zero_init.c.obj           28      0         0      
       s_copysign.c.obj               26      0         0      
       copy_decompress_none.c.obj     14      0         0      
       errno.c.obj                    8       0         4      
       exit.c.obj                     4       0         0      
       pre_init.c.obj                 4       0         0      
    +--+------------------------------+-------+---------+---------+
       Total:                         8346    617       4      
                                                               
       Stack:                         0       0         512    
       Linker Generated:              0       57        0      
    +--+------------------------------+-------+---------+---------+
       Grand Total:                   14118   2548      1064   


LINKER GENERATED COPY TABLES

__TI_cinit_table @ 00004118 records: 2, size/record: 8, table size: 16
	.data: load addr=000040e8, load size=00000015 bytes, run addr=20000400, run size=0000002d bytes, compression=lzss
	.bss: load addr=00004110, load size=00000008 bytes, run addr=20000200, run size=000001fc bytes, compression=zero_init


LINKER GENERATED HANDLER TABLE

__TI_handler_table @ 00004100 records: 3, size/record: 4, table size: 12
	index: 0, handler: __TI_decompress_lzss
	index: 1, handler: __TI_decompress_none
	index: 2, handler: __TI_zero_init


GLOBAL SYMBOLS: SORTED ALPHABETICALLY BY Name 

address   name                          
-------   ----                          
00003993  C$$EXIT                       
00003931  CPUcpsie                      
00003cd0  Circulo                       
00003807  GPIODirModeSet                
00002bc3  GPIOPadConfigSet              
00003611  GPIOPinConfigure              
00003975  GPIOPinRead                   
000038a7  GPIOPinTypeGPIOOutput         
000038d3  GPIOPinTypeUART               
0000397b  GPIOPinWrite                  
000040e0  Hora                          
00003495  IntEnable                     
000038f7  IntMasterEnable               
000040d8  Masks                         
000006b5  Nokia5110_Clear               
00000911  Nokia5110_ClearBuffer         
00000945  Nokia5110_ClrPxl              
0000093b  Nokia5110_DisplayBuffer       
000006e5  Nokia5110_DrawFullImage       
00000bbb  Nokia5110_DrawImage           
00000c05  Nokia5110_DrawImage_status    
000002db  Nokia5110_Init                
000003f5  Nokia5110_OutChar             
00000435  Nokia5110_OutString           
00000461  Nokia5110_OutUDec             
0000072d  Nokia5110_PrintBMP            
0000099d  Nokia5110_PrintBMP2           
00000665  Nokia5110_SetCursor           
00000977  Nokia5110_SetPxl              
00000a55  Nokia5110_SetPxl_status       
00000a81  Nokia5110_img                 
00000b21  Nokia5110_img_16              
000040e5  Ponto                         
0000393d  ResetISR                      
20000200  Screen                        
00002cf5  SysCtlClockGet                
00003109  SysCtlClockSet                
00003981  SysCtlDelay                   
00003771  SysCtlPeripheralEnable        
00001d99  Time_Reader                   
00001aa9  Time_display_analogico        
00001a55  Time_display_digital          
00001e99  Timer0IntHandler              
00003565  TimerConfigure                
00003907  TimerEnable                   
00003987  TimerIntClear                 
0000395d  TimerIntEnable                
000038e5  TimerLoadSet                  
00003949  UARTCharGet                   
00003915  UARTCharsAvail                
000036a1  UARTConfigSetExpClk           
00003831  UARTDisable                   
000038bf  UARTEnable                    
0000398b  UARTIntClear                  
00003965  UARTIntEnable                 
00001e5d  UARTIntHandler                
00003953  UARTIntStatus                 
20000200  __STACK_END                   
00000200  __STACK_SIZE                  
20000200  __STACK_TOP                   
00004118  __TI_CINIT_Base               
00004128  __TI_CINIT_Limit              
00004100  __TI_Handler_Table_Base       
0000410c  __TI_Handler_Table_Limit      
000036e9  __TI_auto_init_nobinit_nopinit
000034fd  __TI_decompress_lzss          
00003923  __TI_decompress_none          
ffffffff  __TI_pprof_out_hndl           
ffffffff  __TI_prof_data_size           
ffffffff  __TI_prof_data_start          
00000000  __TI_static_base__            
00003871  __TI_zero_init_nomemset       
00003389  __aeabi_cdcmpeq               
00003389  __aeabi_cdcmple               
0000340f  __aeabi_cdrcmple              
00003659  __aeabi_d2iz                  
0000372d  __aeabi_d2uiz                 
000025ff  __aeabi_dadd                  
00002a8d  __aeabi_ddiv                  
00002f15  __aeabi_dmul                  
000025f5  __aeabi_dsub                  
0000396d  __aeabi_errno_addr            
000037d9  __aeabi_i2d                   
000032ed  __aeabi_memcpy                
000032ed  __aeabi_memcpy4               
000032ed  __aeabi_memcpy8               
00003851  __aeabi_ui2d                  
ffffffff  __binit__                     
ffffffff  __c_args__                    
00002921  __kernel_cos                  
00000d41  __kernel_rem_pio2             
000027ad  __kernel_sin                  
UNDEFED   __mpu_init                    
20000000  __stack                       
20000000  __start___llvm_prf_cnts       
20000000  __stop___llvm_prf_cnts        
000037a5  _c_int00_noargs               
00003dea  _ctypes_                      
UNDEFED   _system_post_cinit            
0000398f  _system_pre_init              
00003993  abort                         
000035c5  atoi                          
ffffffff  binit                         
0000388d  copysign                      
0000388d  copysignl                     
00001479  cos                           
00001479  cosl                          
20000415  digital                       
20000420  errno                         
00003011  floor                         
00003011  floorl                        
00000000  g_pfnVectors                  
20000424  h                             
20000416  hhmmss                        
20000408  hora                          
20000414  horario                       
00002e05  ldexp                         
00002e05  ldexpl                        
20000427  m                             
00001ef9  main                          
000032ed  memcpy                        
2000040c  minuto                        
200003f8  periodo_timer                 
20000400  pi                            
000031fd  rint                          
000031fd  rintl                         
2000042a  s                             
00002e05  scalbn                        
00002e05  scalbnl                       
20000410  segundo                       
00002031  sin                           
00002031  sinl                          


GLOBAL SYMBOLS: SORTED BY Symbol Address 

address   name                          
-------   ----                          
00000000  __TI_static_base__            
00000000  g_pfnVectors                  
00000200  __STACK_SIZE                  
000002db  Nokia5110_Init                
000003f5  Nokia5110_OutChar             
00000435  Nokia5110_OutString           
00000461  Nokia5110_OutUDec             
00000665  Nokia5110_SetCursor           
000006b5  Nokia5110_Clear               
000006e5  Nokia5110_DrawFullImage       
0000072d  Nokia5110_PrintBMP            
00000911  Nokia5110_ClearBuffer         
0000093b  Nokia5110_DisplayBuffer       
00000945  Nokia5110_ClrPxl              
00000977  Nokia5110_SetPxl              
0000099d  Nokia5110_PrintBMP2           
00000a55  Nokia5110_SetPxl_status       
00000a81  Nokia5110_img                 
00000b21  Nokia5110_img_16              
00000bbb  Nokia5110_DrawImage           
00000c05  Nokia5110_DrawImage_status    
00000d41  __kernel_rem_pio2             
00001479  cos                           
00001479  cosl                          
00001a55  Time_display_digital          
00001aa9  Time_display_analogico        
00001d99  Time_Reader                   
00001e5d  UARTIntHandler                
00001e99  Timer0IntHandler              
00001ef9  main                          
00002031  sin                           
00002031  sinl                          
000025f5  __aeabi_dsub                  
000025ff  __aeabi_dadd                  
000027ad  __kernel_sin                  
00002921  __kernel_cos                  
00002a8d  __aeabi_ddiv                  
00002bc3  GPIOPadConfigSet              
00002cf5  SysCtlClockGet                
00002e05  ldexp                         
00002e05  ldexpl                        
00002e05  scalbn                        
00002e05  scalbnl                       
00002f15  __aeabi_dmul                  
00003011  floor                         
00003011  floorl                        
00003109  SysCtlClockSet                
000031fd  rint                          
000031fd  rintl                         
000032ed  __aeabi_memcpy                
000032ed  __aeabi_memcpy4               
000032ed  __aeabi_memcpy8               
000032ed  memcpy                        
00003389  __aeabi_cdcmpeq               
00003389  __aeabi_cdcmple               
0000340f  __aeabi_cdrcmple              
00003495  IntEnable                     
000034fd  __TI_decompress_lzss          
00003565  TimerConfigure                
000035c5  atoi                          
00003611  GPIOPinConfigure              
00003659  __aeabi_d2iz                  
000036a1  UARTConfigSetExpClk           
000036e9  __TI_auto_init_nobinit_nopinit
0000372d  __aeabi_d2uiz                 
00003771  SysCtlPeripheralEnable        
000037a5  _c_int00_noargs               
000037d9  __aeabi_i2d                   
00003807  GPIODirModeSet                
00003831  UARTDisable                   
00003851  __aeabi_ui2d                  
00003871  __TI_zero_init_nomemset       
0000388d  copysign                      
0000388d  copysignl                     
000038a7  GPIOPinTypeGPIOOutput         
000038bf  UARTEnable                    
000038d3  GPIOPinTypeUART               
000038e5  TimerLoadSet                  
000038f7  IntMasterEnable               
00003907  TimerEnable                   
00003915  UARTCharsAvail                
00003923  __TI_decompress_none          
00003931  CPUcpsie                      
0000393d  ResetISR                      
00003949  UARTCharGet                   
00003953  UARTIntStatus                 
0000395d  TimerIntEnable                
00003965  UARTIntEnable                 
0000396d  __aeabi_errno_addr            
00003975  GPIOPinRead                   
0000397b  GPIOPinWrite                  
00003981  SysCtlDelay                   
00003987  TimerIntClear                 
0000398b  UARTIntClear                  
0000398f  _system_pre_init              
00003993  C$$EXIT                       
00003993  abort                         
00003cd0  Circulo                       
00003dea  _ctypes_                      
000040d8  Masks                         
000040e0  Hora                          
000040e5  Ponto                         
00004100  __TI_Handler_Table_Base       
0000410c  __TI_Handler_Table_Limit      
00004118  __TI_CINIT_Base               
00004128  __TI_CINIT_Limit              
20000000  __stack                       
20000000  __start___llvm_prf_cnts       
20000000  __stop___llvm_prf_cnts        
20000200  Screen                        
20000200  __STACK_END                   
20000200  __STACK_TOP                   
200003f8  periodo_timer                 
20000400  pi                            
20000408  hora                          
2000040c  minuto                        
20000410  segundo                       
20000414  horario                       
20000415  digital                       
20000416  hhmmss                        
20000420  errno                         
20000424  h                             
20000427  m                             
2000042a  s                             
ffffffff  __TI_pprof_out_hndl           
ffffffff  __TI_prof_data_size           
ffffffff  __TI_prof_data_start          
ffffffff  __binit__                     
ffffffff  __c_args__                    
ffffffff  binit                         
UNDEFED   __mpu_init                    
UNDEFED   _system_post_cinit            

[132 symbols]
