******************************************************************************
                  TI ARM Linker Unix v20.2.2                   
******************************************************************************
>> Linked Wed Mar 31 21:02:29 2021

OUTPUT FILE NAME:   <first_project_aula04.out>
ENTRY POINT SYMBOL: "_c_int00_noargs"  address: 00000705


MEMORY CONFIGURATION

         name            origin    length      used     unused   attr    fill
----------------------  --------  ---------  --------  --------  ----  --------
  FLASH                 00000000   00040000  000007d8  0003f828  R  X
  SRAM                  20000000   00008000  00000202  00007dfe  RW X


SEGMENT ALLOCATION MAP

run origin  load origin   length   init length attrs members
----------  ----------- ---------- ----------- ----- -------
00000000    00000000    000007d8   000007d8    r-x
  00000000    00000000    0000026c   0000026c    r-- .intvecs
  0000026c    0000026c    00000554   00000554    r-x .text
  000007c0    000007c0    00000018   00000018    r-- .cinit
20000000    20000000    00000202   00000000    rw-
  20000000    20000000    00000200   00000000    rw- .stack
  20000200    20000200    00000002   00000000    rw- .data


SECTION ALLOCATION MAP

 output                                  attributes/
section   page    origin      length       input sections
--------  ----  ----------  ----------   ----------------
.intvecs   0    00000000    0000026c     
                  00000000    0000026c     tm4c123gh6pm_startup_ccs.obj (.intvecs)

.text      0    0000026c    00000554     
                  0000026c    00000132     driverlib.lib : gpio.obj (.text:GPIOPadConfigSet)
                  0000039e    00000002     --HOLE-- [fill = 0]
                  000003a0    000000f4                   : sysctl.obj (.text:SysCtlClockSet)
                  00000494    000000f4     main.obj (.text)
                  00000588    0000009c     rtsv7M4_T_le_v4SPD16_eabi.lib : memcpy_t2.asm.obj (.text)
                  00000624    00000068                                   : copy_decompress_lzss.c.obj (.text:decompress:lzss:__TI_decompress_lzss)
                  0000068c    00000044                                   : autoinit.c.obj (.text:__TI_auto_init_nobinit_nopinit:__TI_auto_init_nobinit_nopinit)
                  000006d0    00000034     driverlib.lib : sysctl.obj (.text:SysCtlPeripheralEnable)
                  00000704    00000034     rtsv7M4_T_le_v4SPD16_eabi.lib : boot_cortex_m.c.obj (.text:_c_int00_noargs:_c_int00_noargs)
                  00000738    0000002a     driverlib.lib : gpio.obj (.text:GPIODirModeSet)
                  00000762    00000018                   : gpio.obj (.text:GPIOPinTypeGPIOOutput)
                  0000077a    00000012                   : gpio.obj (.text:GPIOPinTypeGPIOInput)
                  0000078c    0000000e     rtsv7M4_T_le_v4SPD16_eabi.lib : copy_decompress_none.c.obj (.text:decompress:none:__TI_decompress_none)
                  0000079a    0000000c     tm4c123gh6pm_startup_ccs.obj (.text)
                  000007a6    00000006     driverlib.lib : gpio.obj (.text:GPIOPinRead)
                  000007ac    00000006                   : gpio.obj (.text:GPIOPinWrite)
                  000007b2    00000006                   : sysctl.obj (.text:SysCtlDelay)
                  000007b8    00000004     rtsv7M4_T_le_v4SPD16_eabi.lib : pre_init.c.obj (.text:_system_pre_init)
                  000007bc    00000004                                   : exit.c.obj (.text:abort:abort)

.cinit     0    000007c0    00000018     
                  000007c0    00000008     (__TI_handler_table)
                  000007c8    00000006     (.cinit..data.load) [load image, compression = lzss]
                  000007ce    00000002     --HOLE-- [fill = 0]
                  000007d0    00000008     (__TI_cinit_table)

.init_array 
*          0    00000000    00000000     UNINITIALIZED

.data      0    20000200    00000002     UNINITIALIZED
                  20000200    00000002     main.obj (.data)

.stack     0    20000000    00000200     UNINITIALIZED
                  20000000    00000004     rtsv7M4_T_le_v4SPD16_eabi.lib : boot_cortex_m.c.obj (.stack)
                  20000004    000001fc     --HOLE--

__llvm_prf_cnts 
*          0    20000000    00000000     UNINITIALIZED

MODULE SUMMARY

       Module                         code   ro data   rw data
       ------                         ----   -------   -------
    ./
       tm4c123gh6pm_startup_ccs.obj   12     620       0      
       main.obj                       244    0         2      
    +--+------------------------------+------+---------+---------+
       Total:                         256    620       2      
                                                              
    /home/malufontes/ti/TivaWare_C_Series-2.1.4.178/driverlib/ccs/Debug/driverlib.lib
       gpio.obj                       402    0         0      
       sysctl.obj                     302    0         0      
    +--+------------------------------+------+---------+---------+
       Total:                         704    0         0      
                                                              
    /home/malufontes/ti/ccs1020/ccs/tools/compiler/ti-cgt-arm_20.2.2.LTS/lib/rtsv7M4_T_le_v4SPD16_eabi.lib
       memcpy_t2.asm.obj              156    0         0      
       copy_decompress_lzss.c.obj     104    0         0      
       autoinit.c.obj                 68     0         0      
       boot_cortex_m.c.obj            52     0         0      
       copy_decompress_none.c.obj     14     0         0      
       exit.c.obj                     4      0         0      
       pre_init.c.obj                 4      0         0      
    +--+------------------------------+------+---------+---------+
       Total:                         402    0         0      
                                                              
       Stack:                         0      0         512    
       Linker Generated:              0      22        0      
    +--+------------------------------+------+---------+---------+
       Grand Total:                   1362   642       514    


LINKER GENERATED COPY TABLES

__TI_cinit_table @ 000007d0 records: 1, size/record: 8, table size: 8
	.data: load addr=000007c8, load size=00000006 bytes, run addr=20000200, run size=00000002 bytes, compression=lzss


LINKER GENERATED HANDLER TABLE

__TI_handler_table @ 000007c0 records: 2, size/record: 4, table size: 8
	index: 0, handler: __TI_decompress_lzss
	index: 1, handler: __TI_decompress_none


GLOBAL SYMBOLS: SORTED ALPHABETICALLY BY Name 

address   name                          
-------   ----                          
000007bd  C$$EXIT                       
00000739  GPIODirModeSet                
0000026d  GPIOPadConfigSet              
000007a7  GPIOPinRead                   
0000077b  GPIOPinTypeGPIOInput          
00000763  GPIOPinTypeGPIOOutput         
000007ad  GPIOPinWrite                  
0000079b  ResetISR                      
000003a1  SysCtlClockSet                
000007b3  SysCtlDelay                   
000006d1  SysCtlPeripheralEnable        
20000200  __STACK_END                   
00000200  __STACK_SIZE                  
20000200  __STACK_TOP                   
000007d0  __TI_CINIT_Base               
000007d8  __TI_CINIT_Limit              
000007c0  __TI_Handler_Table_Base       
000007c8  __TI_Handler_Table_Limit      
0000068d  __TI_auto_init_nobinit_nopinit
00000625  __TI_decompress_lzss          
0000078d  __TI_decompress_none          
ffffffff  __TI_pprof_out_hndl           
ffffffff  __TI_prof_data_size           
ffffffff  __TI_prof_data_start          
00000000  __TI_static_base__            
00000589  __aeabi_memcpy                
00000589  __aeabi_memcpy4               
00000589  __aeabi_memcpy8               
ffffffff  __binit__                     
ffffffff  __c_args__                    
UNDEFED   __mpu_init                    
20000000  __stack                       
20000000  __start___llvm_prf_cnts       
20000000  __stop___llvm_prf_cnts        
00000705  _c_int00_noargs               
UNDEFED   _system_post_cinit            
000007b9  _system_pre_init              
000007bd  abort                         
ffffffff  binit                         
20000200  botao1                        
20000201  botao2                        
00000000  g_pfnVectors                  
00000495  main                          
00000589  memcpy                        


GLOBAL SYMBOLS: SORTED BY Symbol Address 

address   name                          
-------   ----                          
00000000  __TI_static_base__            
00000000  g_pfnVectors                  
00000200  __STACK_SIZE                  
0000026d  GPIOPadConfigSet              
000003a1  SysCtlClockSet                
00000495  main                          
00000589  __aeabi_memcpy                
00000589  __aeabi_memcpy4               
00000589  __aeabi_memcpy8               
00000589  memcpy                        
00000625  __TI_decompress_lzss          
0000068d  __TI_auto_init_nobinit_nopinit
000006d1  SysCtlPeripheralEnable        
00000705  _c_int00_noargs               
00000739  GPIODirModeSet                
00000763  GPIOPinTypeGPIOOutput         
0000077b  GPIOPinTypeGPIOInput          
0000078d  __TI_decompress_none          
0000079b  ResetISR                      
000007a7  GPIOPinRead                   
000007ad  GPIOPinWrite                  
000007b3  SysCtlDelay                   
000007b9  _system_pre_init              
000007bd  C$$EXIT                       
000007bd  abort                         
000007c0  __TI_Handler_Table_Base       
000007c8  __TI_Handler_Table_Limit      
000007d0  __TI_CINIT_Base               
000007d8  __TI_CINIT_Limit              
20000000  __stack                       
20000000  __start___llvm_prf_cnts       
20000000  __stop___llvm_prf_cnts        
20000200  __STACK_END                   
20000200  __STACK_TOP                   
20000200  botao1                        
20000201  botao2                        
ffffffff  __TI_pprof_out_hndl           
ffffffff  __TI_prof_data_size           
ffffffff  __TI_prof_data_start          
ffffffff  __binit__                     
ffffffff  __c_args__                    
ffffffff  binit                         
UNDEFED   __mpu_init                    
UNDEFED   _system_post_cinit            

[44 symbols]
