******************************************************************************
                  TI ARM Linker Unix v20.2.2                   
******************************************************************************
>> Linked Thu Apr  1 13:00:22 2021

OUTPUT FILE NAME:   <interrupcao_aula_07.out>
ENTRY POINT SYMBOL: "_c_int00_noargs"  address: 000007ed


MEMORY CONFIGURATION

         name            origin    length      used     unused   attr    fill
----------------------  --------  ---------  --------  --------  ----  --------
  FLASH                 00000000   00040000  0000094c  0003f6b4  R  X
  SRAM                  20000000   00008000  00000201  00007dff  RW X


SEGMENT ALLOCATION MAP

run origin  load origin   length   init length attrs members
----------  ----------- ---------- ----------- ----- -------
00000000    00000000    00000950   00000950    r-x
  00000000    00000000    0000026c   0000026c    r-- .intvecs
  0000026c    0000026c    00000658   00000658    r-x .text
  000008c4    000008c4    00000070   00000070    r-- .const
  00000938    00000938    00000018   00000018    r-- .cinit
20000000    20000000    00000201   00000000    rw-
  20000000    20000000    00000200   00000000    rw- .stack
  20000200    20000200    00000001   00000000    rw- .data


SECTION ALLOCATION MAP

 output                                  attributes/
section   page    origin      length       input sections
--------  ----  ----------  ----------   ----------------
.intvecs   0    00000000    0000026c     
                  00000000    0000026c     tm4c123gh6pm_startup_ccs.obj (.intvecs)

.text      0    0000026c    00000658     
                  0000026c    00000132     driverlib.lib : gpio.obj (.text:GPIOPadConfigSet)
                  0000039e    00000002     --HOLE-- [fill = 0]
                  000003a0    0000011c     main.obj (.text)
                  000004bc    000000f4     driverlib.lib : sysctl.obj (.text:SysCtlClockSet)
                  000005b0    0000009c     rtsv7M4_T_le_v4SPD16_eabi.lib : memcpy_t2.asm.obj (.text)
                  0000064c    00000068     driverlib.lib : interrupt.obj (.text:IntEnable)
                  000006b4    00000068     rtsv7M4_T_le_v4SPD16_eabi.lib : copy_decompress_lzss.c.obj (.text:decompress:lzss:__TI_decompress_lzss)
                  0000071c    00000056     driverlib.lib : gpio.obj (.text:GPIOIntTypeSet)
                  00000772    00000002     --HOLE-- [fill = 0]
                  00000774    00000044     rtsv7M4_T_le_v4SPD16_eabi.lib : autoinit.c.obj (.text:__TI_auto_init_nobinit_nopinit:__TI_auto_init_nobinit_nopinit)
                  000007b8    00000034     driverlib.lib : sysctl.obj (.text:SysCtlPeripheralEnable)
                  000007ec    00000034     rtsv7M4_T_le_v4SPD16_eabi.lib : boot_cortex_m.c.obj (.text:_c_int00_noargs:_c_int00_noargs)
                  00000820    0000002a     driverlib.lib : gpio.obj (.text:GPIODirModeSet)
                  0000084a    00000018                   : gpio.obj (.text:GPIOPinTypeGPIOOutput)
                  00000862    00000010                   : interrupt.obj (.text:IntMasterEnable)
                  00000872    0000000e     rtsv7M4_T_le_v4SPD16_eabi.lib : copy_decompress_none.c.obj (.text:decompress:none:__TI_decompress_none)
                  00000880    0000000c     driverlib.lib : cpu.obj (.text:CPUcpsie)
                  0000088c    0000000c                   : gpio.obj (.text:GPIOIntEnable)
                  00000898    0000000c     tm4c123gh6pm_startup_ccs.obj (.text)
                  000008a4    00000006     driverlib.lib : gpio.obj (.text:GPIOIntClear)
                  000008aa    00000006                   : gpio.obj (.text:GPIOPinRead)
                  000008b0    00000006                   : gpio.obj (.text:GPIOPinWrite)
                  000008b6    00000006                   : sysctl.obj (.text:SysCtlDelay)
                  000008bc    00000004     rtsv7M4_T_le_v4SPD16_eabi.lib : pre_init.c.obj (.text:_system_pre_init)
                  000008c0    00000004                                   : exit.c.obj (.text:abort:abort)

.const     0    000008c4    00000070     
                  000008c4    00000070     driverlib.lib : interrupt.obj (.const)

.cinit     0    00000938    00000018     
                  00000938    00000008     (__TI_handler_table)
                  00000940    00000005     (.cinit..data.load) [load image, compression = lzss]
                  00000945    00000003     --HOLE-- [fill = 0]
                  00000948    00000008     (__TI_cinit_table)

.init_array 
*          0    00000000    00000000     UNINITIALIZED

.data      0    20000200    00000001     UNINITIALIZED
                  20000200    00000001     main.obj (.data)

.stack     0    20000000    00000200     UNINITIALIZED
                  20000000    00000004     rtsv7M4_T_le_v4SPD16_eabi.lib : boot_cortex_m.c.obj (.stack)
                  20000004    000001fc     --HOLE--

__llvm_prf_cnts 
*          0    20000000    00000000     UNINITIALIZED

MODULE SUMMARY

       Module                         code   ro data   rw data
       ------                         ----   -------   -------
    ./
       tm4c123gh6pm_startup_ccs.obj   12     620       0      
       main.obj                       284    0         1      
    +--+------------------------------+------+---------+---------+
       Total:                         296    620       1      
                                                              
    /home/malufontes/ti/TivaWare_C_Series-2.1.4.178/driverlib/ccs/Debug/driverlib.lib
       gpio.obj                       488    0         0      
       sysctl.obj                     302    0         0      
       interrupt.obj                  120    112       0      
       cpu.obj                        12     0         0      
    +--+------------------------------+------+---------+---------+
       Total:                         922    112       0      
                                                              
    /home/malufontes/ti/ccs1020/ccs/tools/compiler/ti-cgt-arm_20.2.2.LTS/lib/rtsv7M4_T_le_v4SPD16_eabi.lib
       memcpy_t2.asm.obj              156    0         0      
       copy_decompress_lzss.c.obj     104    0         0      
       autoinit.c.obj                 68     0         0      
       boot_cortex_m.c.obj            52     0         0      
       copy_decompress_none.c.obj     14     0         0      
       exit.c.obj                     4      0         0      
       pre_init.c.obj                 4      0         0      
    +--+------------------------------+------+---------+---------+
       Total:                         402    0         0      
                                                              
       Stack:                         0      0         512    
       Linker Generated:              0      21        0      
    +--+------------------------------+------+---------+---------+
       Grand Total:                   1620   753       513    


LINKER GENERATED COPY TABLES

__TI_cinit_table @ 00000948 records: 1, size/record: 8, table size: 8
	.data: load addr=00000940, load size=00000005 bytes, run addr=20000200, run size=00000001 bytes, compression=lzss


LINKER GENERATED HANDLER TABLE

__TI_handler_table @ 00000938 records: 2, size/record: 4, table size: 8
	index: 0, handler: __TI_decompress_lzss
	index: 1, handler: __TI_decompress_none


GLOBAL SYMBOLS: SORTED ALPHABETICALLY BY Name 

address   name                          
-------   ----                          
000008c1  C$$EXIT                       
00000881  CPUcpsie                      
00000821  GPIODirModeSet                
000008a5  GPIOIntClear                  
0000088d  GPIOIntEnable                 
0000071d  GPIOIntTypeSet                
0000026d  GPIOPadConfigSet              
000008ab  GPIOPinRead                   
0000084b  GPIOPinTypeGPIOOutput         
000008b1  GPIOPinWrite                  
0000064d  IntEnable                     
00000863  IntMasterEnable               
000003a1  IntPortalF                    
00000899  ResetISR                      
000004bd  SysCtlClockSet                
000008b7  SysCtlDelay                   
000007b9  SysCtlPeripheralEnable        
20000200  __STACK_END                   
00000200  __STACK_SIZE                  
20000200  __STACK_TOP                   
00000948  __TI_CINIT_Base               
00000950  __TI_CINIT_Limit              
00000938  __TI_Handler_Table_Base       
00000940  __TI_Handler_Table_Limit      
00000775  __TI_auto_init_nobinit_nopinit
000006b5  __TI_decompress_lzss          
00000873  __TI_decompress_none          
ffffffff  __TI_pprof_out_hndl           
ffffffff  __TI_prof_data_size           
ffffffff  __TI_prof_data_start          
00000000  __TI_static_base__            
000005b1  __aeabi_memcpy                
000005b1  __aeabi_memcpy4               
000005b1  __aeabi_memcpy8               
ffffffff  __binit__                     
ffffffff  __c_args__                    
UNDEFED   __mpu_init                    
20000000  __stack                       
20000000  __start___llvm_prf_cnts       
20000000  __stop___llvm_prf_cnts        
000007ed  _c_int00_noargs               
UNDEFED   _system_post_cinit            
000008bd  _system_pre_init              
000008c1  abort                         
ffffffff  binit                         
00000000  g_pfnVectors                  
0000040d  main                          
000005b1  memcpy                        
20000200  ui8PinData                    


GLOBAL SYMBOLS: SORTED BY Symbol Address 

address   name                          
-------   ----                          
00000000  __TI_static_base__            
00000000  g_pfnVectors                  
00000200  __STACK_SIZE                  
0000026d  GPIOPadConfigSet              
000003a1  IntPortalF                    
0000040d  main                          
000004bd  SysCtlClockSet                
000005b1  __aeabi_memcpy                
000005b1  __aeabi_memcpy4               
000005b1  __aeabi_memcpy8               
000005b1  memcpy                        
0000064d  IntEnable                     
000006b5  __TI_decompress_lzss          
0000071d  GPIOIntTypeSet                
00000775  __TI_auto_init_nobinit_nopinit
000007b9  SysCtlPeripheralEnable        
000007ed  _c_int00_noargs               
00000821  GPIODirModeSet                
0000084b  GPIOPinTypeGPIOOutput         
00000863  IntMasterEnable               
00000873  __TI_decompress_none          
00000881  CPUcpsie                      
0000088d  GPIOIntEnable                 
00000899  ResetISR                      
000008a5  GPIOIntClear                  
000008ab  GPIOPinRead                   
000008b1  GPIOPinWrite                  
000008b7  SysCtlDelay                   
000008bd  _system_pre_init              
000008c1  C$$EXIT                       
000008c1  abort                         
00000938  __TI_Handler_Table_Base       
00000940  __TI_Handler_Table_Limit      
00000948  __TI_CINIT_Base               
00000950  __TI_CINIT_Limit              
20000000  __stack                       
20000000  __start___llvm_prf_cnts       
20000000  __stop___llvm_prf_cnts        
20000200  __STACK_END                   
20000200  __STACK_TOP                   
20000200  ui8PinData                    
ffffffff  __TI_pprof_out_hndl           
ffffffff  __TI_prof_data_size           
ffffffff  __TI_prof_data_start          
ffffffff  __binit__                     
ffffffff  __c_args__                    
ffffffff  binit                         
UNDEFED   __mpu_init                    
UNDEFED   _system_post_cinit            

[49 symbols]
