******************************************************************************
                  TI ARM Linker Unix v20.2.2                   
******************************************************************************
>> Linked Sun May  9 22:41:36 2021

OUTPUT FILE NAME:   <Trabalho_Final.out>
ENTRY POINT SYMBOL: "_c_int00_noargs"  address: 000020d9


MEMORY CONFIGURATION

         name            origin    length      used     unused   attr    fill
----------------------  --------  ---------  --------  --------  ----  --------
  FLASH                 00000000   00040000  000026a6  0003d95a  R  X
  SRAM                  20000000   00008000  00000574  00007a8c  RW X


SEGMENT ALLOCATION MAP

run origin  load origin   length   init length attrs members
----------  ----------- ---------- ----------- ----- -------
00000000    00000000    000026a8   000026a8    r-x
  00000000    00000000    0000026c   0000026c    r-- .intvecs
  0000026c    0000026c    0000202c   0000202c    r-x .text
  00002298    00002298    000003be   000003be    r-- .const
  00002658    00002658    00000050   00000050    r-- .cinit
20000000    20000000    00000578   00000000    rw-
  20000000    20000000    00000324   00000000    rw- .bss
  20000328    20000328    00000200   00000000    rw- .stack
  20000528    20000528    00000050   00000000    rw- .data


SECTION ALLOCATION MAP

 output                                  attributes/
section   page    origin      length       input sections
--------  ----  ----------  ----------   ----------------
.intvecs   0    00000000    0000026c     
                  00000000    0000026c     tm4c123gh6pm_startup_ccs.obj (.intvecs)

.text      0    0000026c    0000202c     
                  0000026c    00000ad4     Nokia5110.obj (.text)
                  00000d40    000008e4     main.obj (.text)
                  00001624    000001b6     rtsv7M4_T_le_v4SPD16_eabi.lib : fd_add_t2.asm.obj (.text)
                  000017da    00000136                                   : fd_div_t2.asm.obj (.text)
                  00001910    00000132     driverlib.lib : gpio.obj (.text:GPIOPadConfigSet)
                  00001a42    00000002     rtsv7M4_T_le_v4SPD16_eabi.lib : _lock.c.obj (.text:_nop)
                  00001a44    00000110     driverlib.lib : sysctl.obj (.text:SysCtlClockGet)
                  00001b54    000000fc     rtsv7M4_T_le_v4SPD16_eabi.lib : fd_mul_t2.asm.obj (.text)
                  00001c50    000000f4     driverlib.lib : sysctl.obj (.text:SysCtlClockSet)
                  00001d44    0000009c     rtsv7M4_T_le_v4SPD16_eabi.lib : memcpy_t2.asm.obj (.text)
                  00001de0    00000068     driverlib.lib : interrupt.obj (.text:IntEnable)
                  00001e48    00000068     rtsv7M4_T_le_v4SPD16_eabi.lib : copy_decompress_lzss.c.obj (.text:decompress:lzss:__TI_decompress_lzss)
                  00001eb0    00000060     driverlib.lib : timer.obj (.text:TimerConfigure)
                  00001f10    00000056                   : gpio.obj (.text:GPIOIntTypeSet)
                  00001f66    00000002     --HOLE-- [fill = 0]
                  00001f68    00000048     rtsv7M4_T_le_v4SPD16_eabi.lib : hosttime.c.obj (.text:HOSTtime)
                  00001fb0    00000044                                   : autoinit.c.obj (.text:__TI_auto_init_nobinit_nopinit:__TI_auto_init_nobinit_nopinit)
                  00001ff4    00000044                                   : fd_tou_t2.asm.obj (.text)
                  00002038    00000038                                   : trgmsg.c.obj (.text:__TI_writemsg)
                  00002070    00000034     driverlib.lib : sysctl.obj (.text:SysCtlPeripheralEnable)
                  000020a4    00000034     rtsv7M4_T_le_v4SPD16_eabi.lib : trgmsg.c.obj (.text:__TI_readmsg)
                  000020d8    00000034                                   : boot_cortex_m.c.obj (.text:_c_int00_noargs:_c_int00_noargs)
                  0000210c    00000034                                   : rand.c.obj (.text:rand)
                  00002140    0000002a     driverlib.lib : gpio.obj (.text:GPIODirModeSet)
                  0000216a    00000002     --HOLE-- [fill = 0]
                  0000216c    00000024     rtsv7M4_T_le_v4SPD16_eabi.lib : rand.c.obj (.text:srand)
                  00002190    00000020                                   : u_tofd_t2.asm.obj (.text)
                  000021b0    0000001c                                   : copy_zero_init.c.obj (.text:decompress:ZI:__TI_zero_init_nomemset:__TI_zero_init_nomemset)
                  000021cc    00000018     driverlib.lib : gpio.obj (.text:GPIOPinTypeGPIOOutput)
                  000021e4    00000012                   : timer.obj (.text:TimerLoadSet)
                  000021f6    00000010                   : interrupt.obj (.text:IntMasterEnable)
                  00002206    0000000e                   : gpio.obj (.text:GPIOIntDisable)
                  00002214    0000000e                   : timer.obj (.text:TimerEnable)
                  00002222    0000000e     rtsv7M4_T_le_v4SPD16_eabi.lib : time.c.obj (.text:__time32)
                  00002230    0000000e                                   : copy_decompress_none.c.obj (.text:decompress:none:__TI_decompress_none)
                  0000223e    0000000c     driverlib.lib : cpu.obj (.text:CPUcpsie)
                  0000224a    0000000c                   : gpio.obj (.text:GPIOIntEnable)
                  00002256    0000000c     tm4c123gh6pm_startup_ccs.obj (.text)
                  00002262    0000000a     driverlib.lib : timer.obj (.text:TimerIntDisable)
                  0000226c    00000008                   : timer.obj (.text:TimerIntEnable)
                  00002274    00000006                   : gpio.obj (.text:GPIOIntClear)
                  0000227a    00000006                   : gpio.obj (.text:GPIOPinRead)
                  00002280    00000006                   : gpio.obj (.text:GPIOPinWrite)
                  00002286    00000006                   : sysctl.obj (.text:SysCtlDelay)
                  0000228c    00000004                   : timer.obj (.text:TimerIntClear)
                  00002290    00000004     rtsv7M4_T_le_v4SPD16_eabi.lib : pre_init.c.obj (.text:_system_pre_init)
                  00002294    00000004                                   : exit.c.obj (.text:abort:abort)

.const     0    00002298    000003be     
                  00002298    000001e0     Nokia5110.obj (.const:ASCII)
                  00002478    00000070     Nokia5110.obj (.const:.string:$P$T0$1)
                  000024e8    00000070     driverlib.lib : interrupt.obj (.const)
                  00002558    0000006c                   : sysctl.obj (.const:g_pui32Xtals)
                  000025c4    00000038     main.obj (.const:.string:retpreto)
                  000025fc    00000036     main.obj (.const:.string)
                  00002632    0000001c     main.obj (.const:.string:barpreto)
                  0000264e    00000008     Nokia5110.obj (.const:.string:Masks)

.cinit     0    00002658    00000050     
                  00002658    0000002a     (.cinit..data.load) [load image, compression = lzss]
                  00002682    00000002     --HOLE-- [fill = 0]
                  00002684    0000000c     (__TI_handler_table)
                  00002690    00000008     (.cinit..bss.load) [load image, compression = zero_init]
                  00002698    00000010     (__TI_cinit_table)

.init_array 
*          0    00000000    00000000     UNINITIALIZED

.bss       0    20000000    00000324     UNINITIALIZED
                  20000000    000001f8     (.common:Screen)
                  200001f8    00000120     rtsv7M4_T_le_v4SPD16_eabi.lib : trgmsg.c.obj (.bss:_CIOBUF_)
                  20000318    00000008     (.common:parmbuf)
                  20000320    00000004     (.common:frequencia_timer0)

.data      0    20000528    00000050     UNINITIALIZED
                  20000528    00000014     main.obj (.data:tela)
                  2000053c    00000010     main.obj (.data)
                  2000054c    00000008     rtsv7M4_T_le_v4SPD16_eabi.lib : _lock.c.obj (.data:$O1$$)
                  20000554    00000008     main.obj (.data:ret1)
                  2000055c    00000008     main.obj (.data:ret2)
                  20000564    00000008     main.obj (.data:ret3)
                  2000056c    00000008     main.obj (.data:ret4)
                  20000574    00000004     rtsv7M4_T_le_v4SPD16_eabi.lib : rand.c.obj (.data)

.stack     0    20000328    00000200     UNINITIALIZED
                  20000328    00000004     rtsv7M4_T_le_v4SPD16_eabi.lib : boot_cortex_m.c.obj (.stack)
                  2000032c    000001fc     --HOLE--

__llvm_prf_cnts 
*          0    20000000    00000000     UNINITIALIZED

MODULE SUMMARY

       Module                         code   ro data   rw data
       ------                         ----   -------   -------
    ./
       Nokia5110.obj                  2772   600       504    
       main.obj                       2276   138       72     
       tm4c123gh6pm_startup_ccs.obj   12     620       0      
    +--+------------------------------+------+---------+---------+
       Total:                         5060   1358      576    
                                                              
    /home/malufontes/ti/TivaWare_C_Series-2.1.4.178/driverlib/ccs/Debug/driverlib.lib
       sysctl.obj                     574    108       0      
       gpio.obj                       502    0         0      
       interrupt.obj                  120    112       0      
       timer.obj                      150    0         0      
       cpu.obj                        12     0         0      
    +--+------------------------------+------+---------+---------+
       Total:                         1358   220       0      
                                                              
    /home/malufontes/ti/ccs1020/ccs/tools/compiler/ti-cgt-arm_20.2.2.LTS/lib/rtsv7M4_T_le_v4SPD16_eabi.lib
       fd_add_t2.asm.obj              438    0         0      
       trgmsg.c.obj                   108    0         288    
       fd_div_t2.asm.obj              310    0         0      
       fd_mul_t2.asm.obj              252    0         0      
       memcpy_t2.asm.obj              156    0         0      
       copy_decompress_lzss.c.obj     104    0         0      
       rand.c.obj                     88     0         4      
       hosttime.c.obj                 72     0         0      
       autoinit.c.obj                 68     0         0      
       fd_tou_t2.asm.obj              68     0         0      
       boot_cortex_m.c.obj            52     0         0      
       u_tofd_t2.asm.obj              32     0         0      
       copy_zero_init.c.obj           28     0         0      
       copy_decompress_none.c.obj     14     0         0      
       time.c.obj                     14     0         0      
       _lock.c.obj                    2      0         8      
       hostopen.c.obj                 0      0         8      
       exit.c.obj                     4      0         0      
       pre_init.c.obj                 4      0         0      
    +--+------------------------------+------+---------+---------+
       Total:                         1814   0         308    
                                                              
       Stack:                         0      0         512    
       Linker Generated:              0      78        0      
    +--+------------------------------+------+---------+---------+
       Grand Total:                   8232   1656      1396   


LINKER GENERATED COPY TABLES

__TI_cinit_table @ 00002698 records: 2, size/record: 8, table size: 16
	.data: load addr=00002658, load size=0000002a bytes, run addr=20000528, run size=00000050 bytes, compression=lzss
	.bss: load addr=00002690, load size=00000008 bytes, run addr=20000000, run size=00000324 bytes, compression=zero_init


LINKER GENERATED HANDLER TABLE

__TI_handler_table @ 00002684 records: 3, size/record: 4, table size: 12
	index: 0, handler: __TI_decompress_lzss
	index: 1, handler: __TI_decompress_none
	index: 2, handler: __TI_zero_init


GLOBAL SYMBOLS: SORTED ALPHABETICALLY BY Name 

address   name                          
-------   ----                          
00002295  C$$EXIT                       
00002067  C$$IO$$                       
0000223f  CPUcpsie                      
00002141  GPIODirModeSet                
00002275  GPIOIntClear                  
00002207  GPIOIntDisable                
0000224b  GPIOIntEnable                 
00001f11  GPIOIntTypeSet                
00001911  GPIOPadConfigSet              
0000227b  GPIOPinRead                   
000021cd  GPIOPinTypeGPIOOutput         
00002281  GPIOPinWrite                  
00001f69  HOSTtime                      
00001de1  IntEnable                     
000021f7  IntMasterEnable               
000013dd  IntPortalF                    
0000264e  Masks                         
000006b5  Nokia5110_Clear               
00000911  Nokia5110_ClearBuffer         
00000945  Nokia5110_ClrPxl              
0000093b  Nokia5110_DisplayBuffer       
000006e5  Nokia5110_DrawFullImage       
00000bbb  Nokia5110_DrawImage           
00000c05  Nokia5110_DrawImage_status    
000002db  Nokia5110_Init                
000003f5  Nokia5110_OutChar             
00000435  Nokia5110_OutString           
00000461  Nokia5110_OutUDec             
0000072d  Nokia5110_PrintBMP            
0000099d  Nokia5110_PrintBMP2           
00000665  Nokia5110_SetCursor           
00000977  Nokia5110_SetPxl              
00000a55  Nokia5110_SetPxl_status       
00000a81  Nokia5110_img                 
00000b21  Nokia5110_img_16              
00002257  ResetISR                      
00000d8b  SW_1_game_over                
00001177  SW_1_instrucoes               
00001147  SW_1_jogo                     
000011d7  SW_1_menu                     
000012d3  SW_1_tela_inicial             
00000dd5  SW_2_game_over                
00001187  SW_2_instrucoes               
00001157  SW_2_jogo                     
0000124d  SW_2_menu                     
000012e3  SW_2_tela_inicial             
20000000  Screen                        
00001a45  SysCtlClockGet                
00001c51  SysCtlClockSet                
00002287  SysCtlDelay                   
00002071  SysCtlPeripheralEnable        
00000e1f  Timer0IntHandler              
0000132d  Timer1IntHandler              
000012fd  Timer2IntHandler              
00001eb1  TimerConfigure                
00002215  TimerEnable                   
0000228d  TimerIntClear                 
00002263  TimerIntDisable               
0000226d  TimerIntEnable                
000021e5  TimerLoadSet                  
200001f8  __CIOBUF_                     
20000528  __STACK_END                   
00000200  __STACK_SIZE                  
20000528  __STACK_TOP                   
00002698  __TI_CINIT_Base               
000026a8  __TI_CINIT_Limit              
00002684  __TI_Handler_Table_Base       
00002690  __TI_Handler_Table_Limit      
00001fb1  __TI_auto_init_nobinit_nopinit
00001e49  __TI_decompress_lzss          
00002231  __TI_decompress_none          
ffffffff  __TI_pprof_out_hndl           
ffffffff  __TI_prof_data_size           
ffffffff  __TI_prof_data_start          
000020a5  __TI_readmsg                  
00000000  __TI_static_base__            
00002039  __TI_writemsg                 
000021b1  __TI_zero_init_nomemset       
00001ff5  __aeabi_d2uiz                 
0000162f  __aeabi_dadd                  
000017db  __aeabi_ddiv                  
00001b55  __aeabi_dmul                  
00001625  __aeabi_dsub                  
00001d45  __aeabi_memcpy                
00001d45  __aeabi_memcpy4               
00001d45  __aeabi_memcpy8               
00002191  __aeabi_ui2d                  
ffffffff  __binit__                     
ffffffff  __c_args__                    
UNDEFED   __mpu_init                    
20000328  __stack                       
20000000  __start___llvm_prf_cnts       
20000000  __stop___llvm_prf_cnts        
00002223  __time32                      
000020d9  _c_int00_noargs               
2000054c  _lock                         
00001a43  _nop                          
UNDEFED   _system_post_cinit            
00002291  _system_pre_init              
20000550  _unlock                       
00002295  abort                         
00002632  barpreto                      
ffffffff  binit                         
20000540  controle_menu                 
2000053c  controle_tela                 
00000d41  display_game_over             
00001169  display_instrucoes            
00000f19  display_jogo                  
0000119d  display_menu                  
000012bd  display_tela_inicial          
20000320  frequencia_timer0             
00000000  g_pfnVectors                  
00000e57  game_over                     
00000edb  gerar_num_rand                
00001533  main                          
00001d45  memcpy                        
20000318  parmbuf                       
20000548  pontuacao                     
0000210d  rand                          
20000554  ret1                          
2000055c  ret2                          
20000564  ret3                          
2000056c  ret4                          
000025c4  retpreto                      
0000216d  srand                         
20000528  tela                          
00002223  time                          
20000544  x_cursor                      


GLOBAL SYMBOLS: SORTED BY Symbol Address 

address   name                          
-------   ----                          
00000000  __TI_static_base__            
00000000  g_pfnVectors                  
00000200  __STACK_SIZE                  
000002db  Nokia5110_Init                
000003f5  Nokia5110_OutChar             
00000435  Nokia5110_OutString           
00000461  Nokia5110_OutUDec             
00000665  Nokia5110_SetCursor           
000006b5  Nokia5110_Clear               
000006e5  Nokia5110_DrawFullImage       
0000072d  Nokia5110_PrintBMP            
00000911  Nokia5110_ClearBuffer         
0000093b  Nokia5110_DisplayBuffer       
00000945  Nokia5110_ClrPxl              
00000977  Nokia5110_SetPxl              
0000099d  Nokia5110_PrintBMP2           
00000a55  Nokia5110_SetPxl_status       
00000a81  Nokia5110_img                 
00000b21  Nokia5110_img_16              
00000bbb  Nokia5110_DrawImage           
00000c05  Nokia5110_DrawImage_status    
00000d41  display_game_over             
00000d8b  SW_1_game_over                
00000dd5  SW_2_game_over                
00000e1f  Timer0IntHandler              
00000e57  game_over                     
00000edb  gerar_num_rand                
00000f19  display_jogo                  
00001147  SW_1_jogo                     
00001157  SW_2_jogo                     
00001169  display_instrucoes            
00001177  SW_1_instrucoes               
00001187  SW_2_instrucoes               
0000119d  display_menu                  
000011d7  SW_1_menu                     
0000124d  SW_2_menu                     
000012bd  display_tela_inicial          
000012d3  SW_1_tela_inicial             
000012e3  SW_2_tela_inicial             
000012fd  Timer2IntHandler              
0000132d  Timer1IntHandler              
000013dd  IntPortalF                    
00001533  main                          
00001625  __aeabi_dsub                  
0000162f  __aeabi_dadd                  
000017db  __aeabi_ddiv                  
00001911  GPIOPadConfigSet              
00001a43  _nop                          
00001a45  SysCtlClockGet                
00001b55  __aeabi_dmul                  
00001c51  SysCtlClockSet                
00001d45  __aeabi_memcpy                
00001d45  __aeabi_memcpy4               
00001d45  __aeabi_memcpy8               
00001d45  memcpy                        
00001de1  IntEnable                     
00001e49  __TI_decompress_lzss          
00001eb1  TimerConfigure                
00001f11  GPIOIntTypeSet                
00001f69  HOSTtime                      
00001fb1  __TI_auto_init_nobinit_nopinit
00001ff5  __aeabi_d2uiz                 
00002039  __TI_writemsg                 
00002067  C$$IO$$                       
00002071  SysCtlPeripheralEnable        
000020a5  __TI_readmsg                  
000020d9  _c_int00_noargs               
0000210d  rand                          
00002141  GPIODirModeSet                
0000216d  srand                         
00002191  __aeabi_ui2d                  
000021b1  __TI_zero_init_nomemset       
000021cd  GPIOPinTypeGPIOOutput         
000021e5  TimerLoadSet                  
000021f7  IntMasterEnable               
00002207  GPIOIntDisable                
00002215  TimerEnable                   
00002223  __time32                      
00002223  time                          
00002231  __TI_decompress_none          
0000223f  CPUcpsie                      
0000224b  GPIOIntEnable                 
00002257  ResetISR                      
00002263  TimerIntDisable               
0000226d  TimerIntEnable                
00002275  GPIOIntClear                  
0000227b  GPIOPinRead                   
00002281  GPIOPinWrite                  
00002287  SysCtlDelay                   
0000228d  TimerIntClear                 
00002291  _system_pre_init              
00002295  C$$EXIT                       
00002295  abort                         
000025c4  retpreto                      
00002632  barpreto                      
0000264e  Masks                         
00002684  __TI_Handler_Table_Base       
00002690  __TI_Handler_Table_Limit      
00002698  __TI_CINIT_Base               
000026a8  __TI_CINIT_Limit              
20000000  Screen                        
20000000  __start___llvm_prf_cnts       
20000000  __stop___llvm_prf_cnts        
200001f8  __CIOBUF_                     
20000318  parmbuf                       
20000320  frequencia_timer0             
20000328  __stack                       
20000528  __STACK_END                   
20000528  __STACK_TOP                   
20000528  tela                          
2000053c  controle_tela                 
20000540  controle_menu                 
20000544  x_cursor                      
20000548  pontuacao                     
2000054c  _lock                         
20000550  _unlock                       
20000554  ret1                          
2000055c  ret2                          
20000564  ret3                          
2000056c  ret4                          
ffffffff  __TI_pprof_out_hndl           
ffffffff  __TI_prof_data_size           
ffffffff  __TI_prof_data_start          
ffffffff  __binit__                     
ffffffff  __c_args__                    
ffffffff  binit                         
UNDEFED   __mpu_init                    
UNDEFED   _system_post_cinit            

[128 symbols]
